
> nextn@0.1.0 build
> next build --no-lint

node.exe :  ÔÜá Linting is 
disabled.
No linha:1 caractere:1
+ & "C:\Program 
Files\nodejs/node.exe" 
"C:\Program 
Files\nodejs/node_mo ...
+ ~~~~~~~~~~~~~~~~~~~~~~~~~
~~~~~~~~~~~~~~~~~~~~~~~~~~~
~~~~~~~~~~~~~~~~~
    + CategoryInfo         
     : NotSpecified: ( ÔÜ  
  á Linting is disabled.   
 :String) [], RemoteExc    
eption
    + FullyQualifiedErrorI 
   d : NativeCommandError
 
  Ôû▓ Next.js 14.2.35
  - Environments: .env.local, .env

   Creating an optimized production build ...
Failed to compile.

src\app\layout.tsx
An error occurred in 
`next/font`.

Error: Cannot find module 
'./lib/stringify'
Require stack:
- C:\Users\geand\OneDrive\D
esktop\PROJETO NEXUS\site-n
ovo\node_modules\micromatch
\node_modules\braces\index.
js
- C:\Users\geand\OneDrive\D
esktop\PROJETO NEXUS\site-n
ovo\node_modules\micromatch
\index.js
- C:\Users\geand\OneDrive\D
esktop\PROJETO NEXUS\site-n
ovo\node_modules\fast-glob\
out\utils\pattern.js
- C:\Users\geand\OneDrive\D
esktop\PROJETO NEXUS\site-n
ovo\node_modules\fast-glob\
out\utils\index.js
- C:\Users\geand\OneDrive\D
esktop\PROJETO NEXUS\site-n
ovo\node_modules\fast-glob\
out\managers\tasks.js
- C:\Users\geand\OneDrive\D
esktop\PROJETO NEXUS\site-n
ovo\node_modules\fast-glob\
out\index.js
- C:\Users\geand\OneDrive\D
esktop\PROJETO NEXUS\site-n
ovo\node_modules\tailwindcs
s\lib\lib\content.js
- C:\Users\geand\OneDrive\D
esktop\PROJETO NEXUS\site-n
ovo\node_modules\tailwindcs
s\lib\lib\setupTrackingCont
ext.js
- C:\Users\geand\OneDrive\D
esktop\PROJETO NEXUS\site-n
ovo\node_modules\tailwindcs
s\lib\plugin.js
- C:\Users\geand\OneDrive\D
esktop\PROJETO NEXUS\site-n
ovo\node_modules\tailwindcs
s\lib\index.js
- C:\Users\geand\OneDrive\D
esktop\PROJETO NEXUS\site-n
ovo\node_modules\next\dist\
build\webpack\config\blocks
\css\plugins.js
- C:\Users\geand\OneDrive\D
esktop\PROJETO NEXUS\site-n
ovo\node_modules\next\dist\
build\webpack\config\blocks
\css\index.js
- C:\Users\geand\OneDrive\D
esktop\PROJETO NEXUS\site-n
ovo\node_modules\next\dist\
build\webpack\config\index.
js
- C:\Users\geand\OneDrive\D
esktop\PROJETO NEXUS\site-n
ovo\node_modules\next\dist\
build\webpack-config.js
- C:\Users\geand\OneDrive\D
esktop\PROJETO NEXUS\site-n
ovo\node_modules\next\dist\
build\webpack-build\impl.js
- C:\Users\geand\OneDrive\D
esktop\PROJETO NEXUS\site-n
ovo\node_modules\next\dist\
compiled\jest-worker\proces
sChild.js
    at Module.<anonymous> (
node:internal/modules/cjs/l
oader:1421:15)
    at C:\Users\geand\OneDr
ive\Desktop\PROJETO NEXUS\s
ite-novo\node_modules\next\
dist\server\require-hook.js
:55:36
    at defaultResolveImpl (
node:internal/modules/cjs/l
oader:1059:19)
    at 
resolveForCJSWithHooks (nod
e:internal/modules/cjs/load
er:1064:22)
    at Module._load (node:i
nternal/modules/cjs/loader:
1227:37)
    at 
TracingChannel.traceSync (n
ode:diagnostics_channel:328
:14)
    at wrapModuleLoad (node
:internal/modules/cjs/loade
r:245:24)
    at Module.<anonymous> (
node:internal/modules/cjs/l
oader:1504:12)
    at mod.require (C:\User
s\geand\OneDrive\Desktop\PR
OJETO NEXUS\site-novo\node_
modules\next\dist\server\re
quire-hook.js:65:28)
    at require (node:intern
al/modules/helpers:152:16)

src\app\layout.tsx
An error occurred in 
`next/font`.

Error: Cannot find module 
'./lib/stringify'
Require stack:
- C:\Users\geand\OneDrive\D
esktop\PROJETO NEXUS\site-n
ovo\node_modules\micromatch
\node_modules\braces\index.
js
- C:\Users\geand\OneDrive\D
esktop\PROJETO NEXUS\site-n
ovo\node_modules\micromatch
\index.js
- C:\Users\geand\OneDrive\D
esktop\PROJETO NEXUS\site-n
ovo\node_modules\fast-glob\
out\utils\pattern.js
- C:\Users\geand\OneDrive\D
esktop\PROJETO NEXUS\site-n
ovo\node_modules\fast-glob\
out\utils\index.js
- C:\Users\geand\OneDrive\D
esktop\PROJETO NEXUS\site-n
ovo\node_modules\fast-glob\
out\managers\tasks.js
- C:\Users\geand\OneDrive\D
esktop\PROJETO NEXUS\site-n
ovo\node_modules\fast-glob\
out\index.js
- C:\Users\geand\OneDrive\D
esktop\PROJETO NEXUS\site-n
ovo\node_modules\tailwindcs
s\lib\lib\content.js
- C:\Users\geand\OneDrive\D
esktop\PROJETO NEXUS\site-n
ovo\node_modules\tailwindcs
s\lib\lib\setupTrackingCont
ext.js
- C:\Users\geand\OneDrive\D
esktop\PROJETO NEXUS\site-n
ovo\node_modules\tailwindcs
s\lib\plugin.js
- C:\Users\geand\OneDrive\D
esktop\PROJETO NEXUS\site-n
ovo\node_modules\tailwindcs
s\lib\index.js
- C:\Users\geand\OneDrive\D
esktop\PROJETO NEXUS\site-n
ovo\node_modules\next\dist\
build\webpack\config\blocks
\css\plugins.js
- C:\Users\geand\OneDrive\D
esktop\PROJETO NEXUS\site-n
ovo\node_modules\next\dist\
build\webpack\config\blocks
\css\index.js
- C:\Users\geand\OneDrive\D
esktop\PROJETO NEXUS\site-n
ovo\node_modules\next\dist\
build\webpack\config\index.
js
- C:\Users\geand\OneDrive\D
esktop\PROJETO NEXUS\site-n
ovo\node_modules\next\dist\
build\webpack-config.js
- C:\Users\geand\OneDrive\D
esktop\PROJETO NEXUS\site-n
ovo\node_modules\next\dist\
build\webpack-build\impl.js
- C:\Users\geand\OneDrive\D
esktop\PROJETO NEXUS\site-n
ovo\node_modules\next\dist\
compiled\jest-worker\proces
sChild.js
    at Module.<anonymous> (
node:internal/modules/cjs/l
oader:1421:15)
    at C:\Users\geand\OneDr
ive\Desktop\PROJETO NEXUS\s
ite-novo\node_modules\next\
dist\server\require-hook.js
:55:36
    at defaultResolveImpl (
node:internal/modules/cjs/l
oader:1059:19)
    at 
resolveForCJSWithHooks (nod
e:internal/modules/cjs/load
er:1064:22)
    at Module._load (node:i
nternal/modules/cjs/loader:
1227:37)
    at 
TracingChannel.traceSync (n
ode:diagnostics_channel:328
:14)
    at wrapModuleLoad (node
:internal/modules/cjs/loade
r:245:24)
    at Module.<anonymous> (
node:internal/modules/cjs/l
oader:1504:12)
    at mod.require (C:\User
s\geand\OneDrive\Desktop\PR
OJETO NEXUS\site-novo\node_
modules\next\dist\server\re
quire-hook.js:65:28)
    at require (node:intern
al/modules/helpers:152:16)


> Build failed because of 
webpack errors
